/Users/martinafilice/Desktop/LABORATORIO_B/src/main/java/climatemonitoring/RegistraCentroAreeFrame.java
/Users/martinafilice/Desktop/LABORATORIO_B/src/main/java/climatemonitoring/ClientCM.java
/Users/martinafilice/Desktop/LABORATORIO_B/src/main/java/climatemonitoring/CercaAreaGeograficaFrame.java
/Users/martinafilice/Desktop/LABORATORIO_B/src/main/java/climatemonitoring/InserisciParametriClimaticiFrame.java
/Users/martinafilice/Desktop/LABORATORIO_B/src/main/java/climatemonitoring/PaginaIniziale.java
/Users/martinafilice/Desktop/LABORATORIO_B/src/main/java/climatemonitoring/DatabaseManager.java
/Users/martinafilice/Desktop/LABORATORIO_B/src/main/java/climatemonitoring/AreaGeografica.java
/Users/martinafilice/Desktop/LABORATORIO_B/src/main/java/climatemonitoring/RegistrazioneFrame.java
/Users/martinafilice/Desktop/LABORATORIO_B/src/main/java/climatemonitoring/LoginFrame.java
/Users/martinafilice/Desktop/LABORATORIO_B/src/main/java/climatemonitoring/HomeFrame.java
/Users/martinafilice/Desktop/LABORATORIO_B/src/main/java/climatemonitoring/City.java
/Users/martinafilice/Desktop/LABORATORIO_B/src/main/java/climatemonitoring/VisualizzaAreaGeograficaFrame.java
/Users/martinafilice/Desktop/LABORATORIO_B/src/main/java/climatemonitoring/ServerCM.java
/Users/martinafilice/Desktop/LABORATORIO_B/src/main/java/climatemonitoring/CentroMonitoraggio.java
